
> seller_dashboard@1.0.0 dev
> npx nodemon server.js

[33m[nodemon] 3.1.14[39m
[33m[nodemon] to restart at any time, enter `rs`[39m
[33m[nodemon] watching path(s): *.*[39m
[33m[nodemon] watching extensions: js,mjs,cjs,json[39m
[32m[nodemon] starting `node server.js`[39m
◇ injected env (11) from .env // tip: ⌘ suppress logs { quiet: true }
Dashboard Service is running at 3007
Connected to RabbitMQ
(node:74556) [MONGOOSE] Warning: mongoose: the `new` option for `findOneAndUpdate()` and `findOneAndReplace()` is deprecated. Use `returnDocument: 'after'` instead.
(Use `node --trace-warnings ...` to show where the warning was created)
(node:74556) [MONGOOSE] Warning: mongoose: the `new` option for `findOneAndUpdate()` and `findOneAndReplace()` is deprecated. Use `returnDocument: 'after'` instead.
Connected to MongoDB
Error processing queue ORDER_SELLER_DASHBOARD.ORDER_CREATED: MongoServerError: Updating the path '_id' would create a conflict at '_id'
    at Connection.sendCommand (/Users/shivachoudhry/Downloads/Ai-VendorHub-master/Seller_dashboard/node_modules/mongodb/lib/cmap/connection.js:320:27)
    at process.processTicksAndRejections (node:internal/process/task_queues:104:5)
    at async Connection.command (/Users/shivachoudhry/Downloads/Ai-VendorHub-master/Seller_dashboard/node_modules/mongodb/lib/cmap/connection.js:347:26)
    at async Server.command (/Users/shivachoudhry/Downloads/Ai-VendorHub-master/Seller_dashboard/node_modules/mongodb/lib/sdam/server.js:208:29)
    at async executeOperationWithRetries (/Users/shivachoudhry/Downloads/Ai-VendorHub-master/Seller_dashboard/node_modules/mongodb/lib/operations/execute_operation.js:193:32)
    at async executeOperation (/Users/shivachoudhry/Downloads/Ai-VendorHub-master/Seller_dashboard/node_modules/mongodb/lib/operations/execute_operation.js:83:16)
    at async Collection.findOneAndUpdate (/Users/shivachoudhry/Downloads/Ai-VendorHub-master/Seller_dashboard/node_modules/mongodb/lib/collection.js:544:16)
    at async model.Query._findOneAndUpdate (/Users/shivachoudhry/Downloads/Ai-VendorHub-master/Seller_dashboard/node_modules/mongoose/lib/query.js:3621:13)
    at async model.Query.exec (/Users/shivachoudhry/Downloads/Ai-VendorHub-master/Seller_dashboard/node_modules/mongoose/lib/query.js:4797:63)
    at async upsertOrder (/Users/shivachoudhry/Downloads/Ai-VendorHub-master/Seller_dashboard/src/Broker/listner.js:98:24) {
  errorLabelSet: Set(0) {},
  errorResponse: {
    ok: 0,
    errmsg: "Updating the path '_id' would create a conflict at '_id'",
    code: 40,
    codeName: 'ConflictingUpdateOperators',
    '$clusterTime': {
      clusterTime: new Timestamp({ t: 1785557071, i: 36 }),
      signature: [Object]
    },
    operationTime: new Timestamp({ t: 1785557071, i: 36 })
  },
  ok: 0,
  code: 40,
  codeName: 'ConflictingUpdateOperators',
  '$clusterTime': {
    clusterTime: new Timestamp({ t: 1785557071, i: 36 }),
    signature: {
      hash: Binary.createFromBase64('/rK5Ql/O98bBY3fdcYqotXnGJ0k=', 0),
      keyId: new Long('7631253747858931713')
    }
  },
  operationTime: new Timestamp({ t: 1785557071, i: 36 })
}
(node:74556) [MONGOOSE] Warning: mongoose: the `new` option for `findOneAndUpdate()` and `findOneAndReplace()` is deprecated. Use `returnDocument: 'after'` instead.
(node:74556) [MONGOOSE] Warning: mongoose: the `new` option for `findOneAndUpdate()` and `findOneAndReplace()` is deprecated. Use `returnDocument: 'after'` instead.
Error processing queue ORDER_SELLER_DASHBOARD.ORDER_CREATED: MongoServerError: Updating the path '_id' would create a conflict at '_id'
    at Connection.sendCommand (/Users/shivachoudhry/Downloads/Ai-VendorHub-master/Seller_dashboard/node_modules/mongodb/lib/cmap/connection.js:320:27)
    at process.processTicksAndRejections (node:internal/process/task_queues:104:5)
    at async Connection.command (/Users/shivachoudhry/Downloads/Ai-VendorHub-master/Seller_dashboard/node_modules/mongodb/lib/cmap/connection.js:347:26)
    at async Server.command (/Users/shivachoudhry/Downloads/Ai-VendorHub-master/Seller_dashboard/node_modules/mongodb/lib/sdam/server.js:208:29)
    at async executeOperationWithRetries (/Users/shivachoudhry/Downloads/Ai-VendorHub-master/Seller_dashboard/node_modules/mongodb/lib/operations/execute_operation.js:193:32)
    at async executeOperation (/Users/shivachoudhry/Downloads/Ai-VendorHub-master/Seller_dashboard/node_modules/mongodb/lib/operations/execute_operation.js:83:16)
    at async Collection.findOneAndUpdate (/Users/shivachoudhry/Downloads/Ai-VendorHub-master/Seller_dashboard/node_modules/mongodb/lib/collection.js:544:16)
    at async model.Query._findOneAndUpdate (/Users/shivachoudhry/Downloads/Ai-VendorHub-master/Seller_dashboard/node_modules/mongoose/lib/query.js:3621:13)
    at async model.Query.exec (/Users/shivachoudhry/Downloads/Ai-VendorHub-master/Seller_dashboard/node_modules/mongoose/lib/query.js:4797:63)
    at async upsertOrder (/Users/shivachoudhry/Downloads/Ai-VendorHub-master/Seller_dashboard/src/Broker/listner.js:98:24) {
  errorLabelSet: Set(0) {},
  errorResponse: {
    ok: 0,
    errmsg: "Updating the path '_id' would create a conflict at '_id'",
    code: 40,
    codeName: 'ConflictingUpdateOperators',
    '$clusterTime': {
      clusterTime: new Timestamp({ t: 1785558552, i: 10 }),
      signature: [Object]
    },
    operationTime: new Timestamp({ t: 1785558552, i: 10 })
  },
  ok: 0,
  code: 40,
  codeName: 'ConflictingUpdateOperators',
  '$clusterTime': {
    clusterTime: new Timestamp({ t: 1785558552, i: 10 }),
    signature: {
      hash: Binary.createFromBase64('8Q4W0bCFDtGo5BuIdKTzdTrrtX4=', 0),
      keyId: new Long('7631253747858931713')
    }
  },
  operationTime: new Timestamp({ t: 1785558552, i: 10 })
}
(node:74556) [MONGOOSE] Warning: mongoose: the `new` option for `findOneAndUpdate()` and `findOneAndReplace()` is deprecated. Use `returnDocument: 'after'` instead.
(node:74556) [MONGOOSE] Warning: mongoose: the `new` option for `findOneAndUpdate()` and `findOneAndReplace()` is deprecated. Use `returnDocument: 'after'` instead.
node:events:487
      throw er; // Unhandled 'error' event
      ^

Error: Heartbeat timeout
    at Heart.<anonymous> (/Users/shivachoudhry/Downloads/Ai-VendorHub-master/Seller_dashboard/node_modules/amqplib/lib/connection.js:357:23)
    at Heart.emit (node:events:509:28)
    at Heart.runHeartbeat (/Users/shivachoudhry/Downloads/Ai-VendorHub-master/Seller_dashboard/node_modules/amqplib/lib/heartbeat.js:81:19)
    at listOnTimeout (node:internal/timers:605:17)
    at process.processTimers (node:internal/timers:541:7)
Emitted 'error' event on ChannelModel instance at:
    at Connection.emit (node:events:509:28)
    at Heart.<anonymous> (/Users/shivachoudhry/Downloads/Ai-VendorHub-master/Seller_dashboard/node_modules/amqplib/lib/connection.js:358:14)
    at Heart.emit (node:events:509:28)
    at Heart.runHeartbeat (/Users/shivachoudhry/Downloads/Ai-VendorHub-master/Seller_dashboard/node_modules/amqplib/lib/heartbeat.js:81:19)
    at listOnTimeout (node:internal/timers:605:17)
    at process.processTimers (node:internal/timers:541:7)

Node.js v24.18.0
[31m[nodemon] app crashed - waiting for file changes before starting...[39m
